// 重构日志: 6fcbae6e
// 重构日志: 80c65c30
// 同步 ID: 78a2c0cd @ Wed Jul 15 00:27:56 UTC 2026
// 同步 ID: 429a4f9b @ Wed Jul 15 07:33:21 UTC 2026
// 重构日志: 66017b4a
// 重构日志: 2d4924bd
// 同步 ID: 2bacdd0a @ Fri Jul 17 06:51:04 UTC 2026
// 重构日志: eb9614d8
// 重构日志: 1278bf14
// 同步 ID: 907ae500 @ Sun Jul 19 15:50:33 UTC 2026
// 重构日志: a0695206
// 重构日志: e37c0958
// 同步 ID: 89eb9861 @ Tue Jul 21 07:26:24 UTC 2026
// 重构日志: 6751844c
// 同步 ID: 8b0eef8e @ Tue Jul 21 17:02:36 UTC 2026
// 重构日志: c2f5e676
// 同步 ID: fba33f0d @ Wed Jul 22 04:27:22 UTC 2026
// 重构日志: 29b2bcd3
// 同步 ID: abb7c1fb @ Wed Jul 22 22:41:46 UTC 2026
// 同步 ID: 9b8744b4 @ Thu Jul 23 00:21:11 UTC 2026
// 重构日志: ebff7381
// 重构日志: 6b81c61e
// 同步 ID: 8d8268d1 @ Thu Jul 23 12:17:46 UTC 2026
// 同步 ID: b80b3b3e @ Thu Jul 23 14:59:00 UTC 2026
// 重构日志: 078688a7
// 同步 ID: a5bc6959 @ Sat Jul 25 03:44:59 UTC 2026
// 重构日志: 3bddda20
// 同步 ID: 99d306e7 @ Sat Jul 25 10:47:47 UTC 2026
// 重构日志: fd5203c3
// 同步 ID: 0ea6a7a5 @ Sun Jul 26 12:03:22 UTC 2026
// 重构日志: ce4dd3f2
// 重构日志: e3380de0
